Microchip Technology Inc, v2.10 (B)

Tool Name:
  c:\program files\microchip\xc16\v2.10\bin\bin\..\bin/elf-ld.exe

Command:
  -p24F16KA101 \
  --mdfp=C:/Program Files/Microchip/MPLABX/v6.20/packs/Microchip/PIC24F-KA-KL-KM_DFP/1.5.253/xc16 \
  -o \
  dist/default/production/New_Folder.production.elf \
  -Lc:/program files/microchip/xc16/v2.10/bin/bin/.. \
  -LC:/Program Files/Microchip/MPLABX/v6.20/packs/Microchip/PIC24F-KA-KL-KM_DFP/1.5.253/xc16/bin/../support/PIC24F/gld \
  -Lc:/program files/microchip/xc16/v2.10/bin/bin/../../lib \
  -Lc:/program files/microchip/xc16/v2.10/bin/bin/../../support/PIC24E/gld \
  -Lc:/program files/microchip/xc16/v2.10/bin/bin/../../support/PIC24F/gld \
  -Lc:/program files/microchip/xc16/v2.10/bin/bin/../../support/PIC24H/gld \
  -Lc:/program files/microchip/xc16/v2.10/bin/bin/../../support/dsPIC30F/gld \
  -Lc:/program files/microchip/xc16/v2.10/bin/bin/../../support/dsPIC33C/gld \
  -Lc:/program files/microchip/xc16/v2.10/bin/bin/../../support/dsPIC33E/gld \
  -Lc:/program files/microchip/xc16/v2.10/bin/bin/../../support/dsPIC33F/gld \
  build/default/production/UART2.o \
  build/default/production/clkChange.o \
  build/default/production/main.o \
  build/default/production/IOs.o \
  build/default/production/TimeDelay.o \
  build/default/production/display.o \
  build/default/production/TimerOperation.o \
  --defsym=__MPLAB_BUILD=1 \
  -Tp24F16KA101.gld.00 \
  --stack=16 \
  --check-sections \
  --data-init \
  --pack-data \
  --handles \
  --isr \
  --no-gc-sections \
  --fill-upper=0 \
  --stackguard=16 \
  --no-force-link \
  --smart-io \
  -Map=dist/default/production/New Folder.production.map \
  --report-mem \
  --memorysummary \
  dist/default/production/memoryfile.xml \
  -start-group \
  --library=c99-pic30-elf \
  --library=m-elf \
  --library=c99-elf \
  -end-group \


Optional library libpPIC24Fxxx.a not found
Archive member included because of file (symbol)

c:/program files/microchip/xc16/v2.10/bin/bin/../../lib\libc99-pic30-elf.a(crt0_standard.o)
                              (__resetPRI)
c:/program files/microchip/xc16/v2.10/bin/bin/../../lib\libc99-pic30-elf.a(data_init_standard.o)
                              c:/program files/microchip/xc16/v2.10/bin/bin/../../lib\libc99-pic30-elf.a(crt0_standard.o) (__data_init_standard)
c:/program files/microchip/xc16/v2.10/bin/bin/../../lib\libc99-pic30-elf.a(crt_start_mode_normal.Meo)
                              (__crt_start_mode_normal)
c:/program files/microchip/xc16/v2.10/bin/bin/../../lib\libc99-pic30-elf.a(fixunssfsi.XX_o)
                              build/default/production/UART2.o (___fixunssfsi)
c:/program files/microchip/xc16/v2.10/bin/bin/../../lib\libc99-pic30-elf.a(floatsisf.XX_o)
                              build/default/production/UART2.o (___floatsisf)
c:/program files/microchip/xc16/v2.10/bin/bin/../../lib\libc99-pic30-elf.a(floatunsisf.XX_o)
                              build/default/production/UART2.o (___floatunsisf)
c:/program files/microchip/xc16/v2.10/bin/bin/../../lib\libc99-pic30-elf.a(funpack.XX_o)
                              c:/program files/microchip/xc16/v2.10/bin/bin/../../lib\libc99-pic30-elf.a(fixunssfsi.XX_o) (__funpack)
c:/program files/microchip/xc16/v2.10/bin/bin/../../lib\libc99-pic30-elf.a(divsf3x.XX_o)
                              build/default/production/UART2.o (___divsf3)
c:/program files/microchip/xc16/v2.10/bin/bin/../../lib\libc99-pic30-elf.a(typefx.XX_o)
                              c:/program files/microchip/xc16/v2.10/bin/bin/../../lib\libc99-pic30-elf.a(divsf3x.XX_o) (__typef)
c:/program files/microchip/xc16/v2.10/bin/bin/../../lib\libc99-pic30-elf.a(spackfx.XX_o)
                              c:/program files/microchip/xc16/v2.10/bin/bin/../../lib\libc99-pic30-elf.a(divsf3x.XX_o) (__spackf)
c:/program files/microchip/xc16/v2.10/bin/bin/../../lib\libc99-pic30-elf.a(unpackfx.XX_o)
                              c:/program files/microchip/xc16/v2.10/bin/bin/../../lib\libc99-pic30-elf.a(divsf3x.XX_o) (__unpackf)
c:/program files/microchip/xc16/v2.10/bin/bin/../../lib\libc99-pic30-elf.a(errno.XX_o)
                              c:/program files/microchip/xc16/v2.10/bin/bin/../../lib\libc99-pic30-elf.a(divsf3x.XX_o) (_errno)
c:/program files/microchip/xc16/v2.10/bin/bin/../../lib\libc99-pic30-elf.a(floatdisf.XX_o)
                              c:/program files/microchip/xc16/v2.10/bin/bin/../../lib\libc99-pic30-elf.a(floatsisf.XX_o) (___floatdisf)
c:/program files/microchip/xc16/v2.10/bin/bin/../../lib\libc99-pic30-elf.a(floatundisf.XX_o)
                              c:/program files/microchip/xc16/v2.10/bin/bin/../../lib\libc99-pic30-elf.a(floatunsisf.XX_o) (___floatundisf)
c:/program files/microchip/xc16/v2.10/bin/bin/../../lib\libc99-pic30-elf.a(fpack.XX_o)
                              c:/program files/microchip/xc16/v2.10/bin/bin/../../lib\libc99-pic30-elf.a(floatundisf.XX_o) (__fpack)
c:/program files/microchip/xc16/v2.10/bin/bin/../../lib\libm-elf.a(powf.XX_o)
                              build/default/production/UART2.o (_powf)
c:/program files/microchip/xc16/v2.10/bin/bin/../../lib\libm-elf.a(scalbnf.XX_o)
                              c:/program files/microchip/xc16/v2.10/bin/bin/../../lib\libm-elf.a(powf.XX_o) (_scalbnf)
c:/program files/microchip/xc16/v2.10/bin/bin/../../lib\libm-elf.a(sqrtf.XX_o)
                              c:/program files/microchip/xc16/v2.10/bin/bin/../../lib\libm-elf.a(powf.XX_o) (_sqrtf)
c:/program files/microchip/xc16/v2.10/bin/bin/../../lib\libm-elf.a(fabsf.XX_o)
                              c:/program files/microchip/xc16/v2.10/bin/bin/../../lib\libm-elf.a(powf.XX_o) (_fabsf)
c:/program files/microchip/xc16/v2.10/bin/bin/../../lib\libc99-elf.a(__errno_location.XX_o)
                              c:/program files/microchip/xc16/v2.10/bin/bin/../../lib\libm-elf.a(powf.XX_o) (___errno_val)
c:/program files/microchip/xc16/v2.10/bin/bin/../../lib\libc99-elf.a(__sio_snprintf_dosux.XX_o)
                              build/default/production/display.o (__snprintf_cdnopsuxX)
c:/program files/microchip/xc16/v2.10/bin/bin/../../lib\libc99-elf.a(strlen.XX_o)
                              build/default/production/UART2.o (_strlen)
c:/program files/microchip/xc16/v2.10/bin/bin/../../lib\libc99-elf.a(__fmt_d.XX_o)
                              c:/program files/microchip/xc16/v2.10/bin/bin/../../lib\libc99-elf.a(__sio_snprintf_dosux.XX_o) (___fmt_d_needed)
c:/program files/microchip/xc16/v2.10/bin/bin/../../lib\libc99-elf.a(__fmt_o.XX_o)
                              c:/program files/microchip/xc16/v2.10/bin/bin/../../lib\libc99-elf.a(__sio_snprintf_dosux.XX_o) (___fmt_o_needed)
c:/program files/microchip/xc16/v2.10/bin/bin/../../lib\libc99-elf.a(__fmt_s.XX_o)
                              c:/program files/microchip/xc16/v2.10/bin/bin/../../lib\libc99-elf.a(__sio_snprintf_dosux.XX_o) (___fmt_s_needed)
c:/program files/microchip/xc16/v2.10/bin/bin/../../lib\libc99-elf.a(__fmt_u.XX_o)
                              c:/program files/microchip/xc16/v2.10/bin/bin/../../lib\libc99-elf.a(__fmt_d.XX_o) (___cvt_u)
c:/program files/microchip/xc16/v2.10/bin/bin/../../lib\libc99-elf.a(__fmt_x.XX_o)
                              c:/program files/microchip/xc16/v2.10/bin/bin/../../lib\libc99-elf.a(__sio_snprintf_dosux.XX_o) (___fmt_x_needed)
c:/program files/microchip/xc16/v2.10/bin/bin/../../lib\libc99-elf.a(__int_vsnprintf.XX_o)
                              c:/program files/microchip/xc16/v2.10/bin/bin/../../lib\libc99-elf.a(__sio_snprintf_dosux.XX_o) (___vsnprintf)
c:/program files/microchip/xc16/v2.10/bin/bin/../../lib\libc99-elf.a(__pop_int.XX_o)
                              c:/program files/microchip/xc16/v2.10/bin/bin/../../lib\libc99-elf.a(__sio_snprintf_dosux.XX_o) (___pop_int_needed)
c:/program files/microchip/xc16/v2.10/bin/bin/../../lib\libc99-elf.a(__pop_ptr.XX_o)
                              c:/program files/microchip/xc16/v2.10/bin/bin/../../lib\libc99-elf.a(__sio_snprintf_dosux.XX_o) (___pop_ptr_needed)
c:/program files/microchip/xc16/v2.10/bin/bin/../../lib\libc99-elf.a(__printf_core.XX_o)
                              c:/program files/microchip/xc16/v2.10/bin/bin/../../lib\libc99-elf.a(__fmt_d.XX_o) (___pad)
c:/program files/microchip/xc16/v2.10/bin/bin/../../lib\libc99-elf.a(atoi.XX_o)
                              c:/program files/microchip/xc16/v2.10/bin/bin/../../lib\libc99-elf.a(__printf_core.XX_o) (_atoi)
c:/program files/microchip/xc16/v2.10/bin/bin/../../lib\libc99-elf.a(memcpy.XX_o)
                              c:/program files/microchip/xc16/v2.10/bin/bin/../../lib\libc99-elf.a(__printf_core.XX_o) (_memcpy)
c:/program files/microchip/xc16/v2.10/bin/bin/../../lib\libc99-elf.a(memset.XX_o)
                              c:/program files/microchip/xc16/v2.10/bin/bin/../../lib\libc99-elf.a(__printf_core.XX_o) (_memset)
c:/program files/microchip/xc16/v2.10/bin/bin/../../lib\libc99-elf.a(tolower.XX_o)
                              c:/program files/microchip/xc16/v2.10/bin/bin/../../lib\libc99-elf.a(__printf_core.XX_o) (_tolower)
c:/program files/microchip/xc16/v2.10/bin/bin/../../lib\libc99-elf.a(toupper.XX_o)
                              c:/program files/microchip/xc16/v2.10/bin/bin/../../lib\libc99-elf.a(__fmt_x.XX_o) (_toupper)
c:/program files/microchip/xc16/v2.10/bin/bin/../../lib\libc99-elf.a(__int_vfprintf.XX_o)
                              c:/program files/microchip/xc16/v2.10/bin/bin/../../lib\libc99-elf.a(__int_vsnprintf.XX_o) (___vfprintf)
c:/program files/microchip/xc16/v2.10/bin/bin/../../lib\libc99-elf.a(__pop_float.XX_o)
                              c:/program files/microchip/xc16/v2.10/bin/bin/../../lib\libc99-elf.a(__printf_core.XX_o) (___pop_float)
c:/program files/microchip/xc16/v2.10/bin/bin/../../lib\libc99-pic30-elf.a(extendsfdf.XX_o)
                              c:/program files/microchip/xc16/v2.10/bin/bin/../../lib\libc99-elf.a(__pop_float.XX_o) (___extendsfdf2)
c:/program files/microchip/xc16/v2.10/bin/bin/../../lib\libc99-pic30-elf.a(feqltle.XX_o)
                              c:/program files/microchip/xc16/v2.10/bin/bin/../../lib\libm-elf.a(powf.XX_o) (___lesf2)
c:/program files/microchip/xc16/v2.10/bin/bin/../../lib\libc99-pic30-elf.a(fgtge.XX_o)
                              c:/program files/microchip/xc16/v2.10/bin/bin/../../lib\libm-elf.a(powf.XX_o) (___gtsf2)
c:/program files/microchip/xc16/v2.10/bin/bin/../../lib\libc99-pic30-elf.a(mulsi3.XX_o)
                              c:/program files/microchip/xc16/v2.10/bin/bin/../../lib\libc99-elf.a(memset.XX_o) (___mulsi3)
c:/program files/microchip/xc16/v2.10/bin/bin/../../lib\libc99-pic30-elf.a(addsf3x.XX_o)
                              c:/program files/microchip/xc16/v2.10/bin/bin/../../lib\libm-elf.a(powf.XX_o) (___subsf3)
c:/program files/microchip/xc16/v2.10/bin/bin/../../lib\libc99-pic30-elf.a(mulsf3x.XX_o)
                              c:/program files/microchip/xc16/v2.10/bin/bin/../../lib\libm-elf.a(powf.XX_o) (___mulsf3)
c:/program files/microchip/xc16/v2.10/bin/bin/../../lib\libc99-pic30-elf.a(dnrmpackfx.XX_o)
                              c:/program files/microchip/xc16/v2.10/bin/bin/../../lib\libc99-pic30-elf.a(addsf3x.XX_o) (__dnrmpackf)
c:/program files/microchip/xc16/v2.10/bin/bin/../../lib\libc99-pic30-elf.a(unpackdnrmfx.XX_o)
                              c:/program files/microchip/xc16/v2.10/bin/bin/../../lib\libc99-pic30-elf.a(mulsf3x.XX_o) (__unpackdnrmf)
c:/program files/microchip/xc16/v2.10/bin/bin/../../lib\libc99-pic30-elf.a(propnanfx.XX_o)
                              c:/program files/microchip/xc16/v2.10/bin/bin/../../lib\libc99-pic30-elf.a(addsf3x.XX_o) (__propnanf)
c:/program files/microchip/xc16/v2.10/bin/bin/../../lib\libc99-pic30-elf.a(divmoddi3.XX_o)
                              c:/program files/microchip/xc16/v2.10/bin/bin/../../lib\libc99-elf.a(__fmt_u.XX_o) (___udivdi3)
c:/program files/microchip/xc16/v2.10/bin/bin/../../lib\libc99-pic30-elf.a(fcompare.XX_o)
                              c:/program files/microchip/xc16/v2.10/bin/bin/../../lib\libc99-pic30-elf.a(feqltle.XX_o) (__fcompare)
c:/program files/microchip/xc16/v2.10/bin/bin/../../lib\libc99-pic30-elf.a(funpack2.XX_o)
                              c:/program files/microchip/xc16/v2.10/bin/bin/../../lib\libc99-pic30-elf.a(fcompare.XX_o) (__funpack2)


Selected CodeGuard Options:
  FGS:GWRP:OFF
  FGS:GCP:OFF
  FBS:BWRP:OFF
  FBS:BSS:OFF

CodeGuard FLASH Memory:
  boot    (none)
  secure  (none)
  general 0x200 to 0x2bfe

CodeGuard RAM Memory:
  general 0x800 to 0xdff
  secure  (none)
  boot    (none)

CodeGuard EEPROM Memory:
  general 0x7ffe00 to 0x7fffff
  secure  (none)
  boot    (none)


xc16-ld 2.10 (B)

Default Code Model: Small
Default Data Model: Small
Default Scalar Model: Small

"program" Memory  [Origin = 0x200, Length = 0x2a00]

section                    address   length (PC units)   length (bytes) (dec)
-------                    -------   -----------------   --------------------
.text                        0x200              0x206e          0x30a5  (12453)
.const                      0x226e                0x46            0x69  (105)
.text                       0x22b4               0x4da           0x747  (1863)
.dinit                      0x278e                0x58            0x84  (132)
.text                       0x27e6                0x64            0x96  (150)

                 Total "program" memory used (bytes):         0x396f  (14703) 91%


"data" Memory  [Origin = 0x800, Length = 0x600]

section                    address      alignment gaps    total length  (dec)
-------                    -------      --------------    -------------------
.ndata                       0x800                   0            0x14  (20)
.nbss                        0x814                   0             0x4  (4)
.data                        0x818                   0            0x36  (54)
.bss                         0x84e                   0             0x2  (2)

                 Total "data" memory used (bytes):           0x50  (80) 5%


Dynamic Memory Usage

region                     address                      maximum length  (dec)
------                     -------                      ---------------------
heap                             0                                   0  (0)
stack                        0x850                               0x5b0  (1456)

                 Maximum dynamic memory (bytes):          0x5b0  (1456)

Info: Project is using a large data memory model when small data memory model is sufficient.


External Symbols in Data Memory (by address):

                    0x0814                  _clkval
                    0x084e                  ___errno_val

External Symbols in Data Memory (by name):

                    0x084e                  ___errno_val
                    0x0814                  _clkval

External Symbols in Program Memory (by address):

                  0x000200                  __resetPRI
                  0x00023c                  __psv_init
                  0x000252                  __data_init_standard
                  0x000252                  __data_init
                  0x0002c8                  __U2RXInterrupt
                  0x0002d0                  __U2TXInterrupt
                  0x0002d8                  __CNInterrupt
                  0x0003c4                  __T2Interrupt
                  0x0003ce                  __DefaultInterrupt
                  0x0003d4                  ___fixunssfsi
                  0x00040a                  ___floatsisf
                  0x000410                  ___floatunsisf
                  0x000414                  __funpack
                  0x00043e                  ___divsf3x
                  0x00043e                  ___divsf3
                  0x0005d0                  __sdivf
                  0x0005fc                  __typef
                  0x000630                  __spackf
                  0x0006d6                  __unpackf
                  0x00073c                  ___floatdisf
                  0x00075c                  ___floatundisf
                  0x0007ba                  __fpack
                  0x000806                  _powf
                  0x000fc6                  _scalbnf
                  0x00101a                  _sqrtf
                  0x00112e                  _fabsf
                  0x001144                  ___sio_snprintf_dosux
                  0x001152                  _strlen
                  0x001182                  ___fmt_d
                  0x001234                  ___fmt_o
                  0x00129e                  ___fmt_s
                  0x0012f2                  ___cvt_u
                  0x001398                  ___fmt_u
                  0x0013ea                  ___fmt_x
                  0x001534                  ___vsnprintf
                  0x00157e                  ___pop_int
                  0x001626                  ___pop_ptr
                  0x0016bc                  ___pad
                  0x001736                  ___fmt_state
                  0x001a3a                  ___printf_core
                  0x001a8e                  _atoi
                  0x001ada                  _memcpy
                  0x001ae8                  _memset
                  0x001bb0                  _tolower
                  0x001bbc                  ___tolower_l
                  0x001bbe                  _toupper
                  0x001bca                  ___toupper_l
                  0x001bcc                  ___vfprintf
                  0x001be8                  ___pop_float
                  0x001c26                  ___extendsfdf2
                  0x001c64                  ___eqsf2
                  0x001c64                  ___lesf2
                  0x001c64                  ___ltsf2
                  0x001c68                  ___gesf2
                  0x001c68                  ___gtsf2
                  0x001c6c                  ___mulp32peds3
                  0x001c6c                  ___mulp32eds3
                  0x001c6c                  ___mulsi3
                  0x001c78                  ___subsf3
                  0x001c78                  ___subsf3x
                  0x001c8a                  ___addsf3x
                  0x001c8a                  ___addsf3
                  0x001e54                  ___mulsf3
                  0x001e54                  ___mulsf3x
                  0x001f60                  __dnrmpackf
                  0x001fb4                  __unpackdnrmf
                  0x002012                  __propnanf
                  0x002070                  ___udivmoddi3
                  0x002156                  ___udivdi3
                  0x002164                  ___umoddi3
                  0x00216c                  ___divdi3
                  0x0021cc                  ___moddi3
                  0x002228                  __fcompare
                  0x00225e                  __funpack2
                  0x0022b4                  _InitUART2
                  0x00231c                  _XmitUART2
                  0x002354                  _Disp2Hex
                  0x0023b2                  _Disp2Hex32
                  0x002428                  _Disp2Dec
                  0x002488                  _Disp2String
                  0x0024aa                  _initializeIO
                  0x0024d0                  _checkIO
                  0x0025e4                  _incrementMinutes
                  0x0025fe                  _incrementSeconds
                  0x00264a                  _stopTimer
                  0x00265a                  _resetTimer
                  0x00266e                  _timerFinished
                  0x00267e                  _handlePB3Press
                  0x0026a0                  _getTimerState
                  0x0026a8                  _initializeDisplay
                  0x0026b0                  _clearDisplay
                  0x0026ba                  _displayTimerCount
                  0x0026e4                  _updateTimerDisplay
                  0x0026f6                  _displaySetTime
                  0x002708                  _displayResetMessage
                  0x002714                  _displayAlarm
                  0x002720                  _newClk
                  0x0027e6                  _delay_ms
                  0x00281c                  _main
                  0x002824                  _initializeSystem
                  0x002834                  _configureClockOutput
                  0xf80000                  __FBS.sec
                  0xf80004                  __FGS.sec

External Symbols in Program Memory (by name):

                  0x002428                  _Disp2Dec
                  0x002354                  _Disp2Hex
                  0x0023b2                  _Disp2Hex32
                  0x002488                  _Disp2String
                  0x0022b4                  _InitUART2
                  0x00231c                  _XmitUART2
                  0x0002d8                  __CNInterrupt
                  0x0003ce                  __DefaultInterrupt
                  0xf80000                  __FBS.sec
                  0xf80004                  __FGS.sec
                  0x0003c4                  __T2Interrupt
                  0x0002c8                  __U2RXInterrupt
                  0x0002d0                  __U2TXInterrupt
                  0x001c8a                  ___addsf3
                  0x001c8a                  ___addsf3x
                  0x0012f2                  ___cvt_u
                  0x00216c                  ___divdi3
                  0x00043e                  ___divsf3
                  0x00043e                  ___divsf3x
                  0x001c64                  ___eqsf2
                  0x001c26                  ___extendsfdf2
                  0x0003d4                  ___fixunssfsi
                  0x00073c                  ___floatdisf
                  0x00040a                  ___floatsisf
                  0x00075c                  ___floatundisf
                  0x000410                  ___floatunsisf
                  0x001182                  ___fmt_d
                  0x001234                  ___fmt_o
                  0x00129e                  ___fmt_s
                  0x001736                  ___fmt_state
                  0x001398                  ___fmt_u
                  0x0013ea                  ___fmt_x
                  0x001c68                  ___gesf2
                  0x001c68                  ___gtsf2
                  0x001c64                  ___lesf2
                  0x001c64                  ___ltsf2
                  0x0021cc                  ___moddi3
                  0x001c6c                  ___mulp32eds3
                  0x001c6c                  ___mulp32peds3
                  0x001e54                  ___mulsf3
                  0x001e54                  ___mulsf3x
                  0x001c6c                  ___mulsi3
                  0x0016bc                  ___pad
                  0x001be8                  ___pop_float
                  0x00157e                  ___pop_int
                  0x001626                  ___pop_ptr
                  0x001a3a                  ___printf_core
                  0x001144                  ___sio_snprintf_dosux
                  0x001c78                  ___subsf3
                  0x001c78                  ___subsf3x
                  0x001bbc                  ___tolower_l
                  0x001bca                  ___toupper_l
                  0x002156                  ___udivdi3
                  0x002070                  ___udivmoddi3
                  0x002164                  ___umoddi3
                  0x001bcc                  ___vfprintf
                  0x001534                  ___vsnprintf
                  0x000252                  __data_init
                  0x000252                  __data_init_standard
                  0x001f60                  __dnrmpackf
                  0x002228                  __fcompare
                  0x0007ba                  __fpack
                  0x000414                  __funpack
                  0x00225e                  __funpack2
                  0x002012                  __propnanf
                  0x00023c                  __psv_init
                  0x000200                  __resetPRI
                  0x0005d0                  __sdivf
                  0x000630                  __spackf
                  0x0005fc                  __typef
                  0x001fb4                  __unpackdnrmf
                  0x0006d6                  __unpackf
                  0x001a8e                  _atoi
                  0x0024d0                  _checkIO
                  0x0026b0                  _clearDisplay
                  0x002834                  _configureClockOutput
                  0x0027e6                  _delay_ms
                  0x002714                  _displayAlarm
                  0x002708                  _displayResetMessage
                  0x0026f6                  _displaySetTime
                  0x0026ba                  _displayTimerCount
                  0x00112e                  _fabsf
                  0x0026a0                  _getTimerState
                  0x00267e                  _handlePB3Press
                  0x0025e4                  _incrementMinutes
                  0x0025fe                  _incrementSeconds
                  0x0026a8                  _initializeDisplay
                  0x0024aa                  _initializeIO
                  0x002824                  _initializeSystem
                  0x00281c                  _main
                  0x001ada                  _memcpy
                  0x001ae8                  _memset
                  0x002720                  _newClk
                  0x000806                  _powf
                  0x00265a                  _resetTimer
                  0x000fc6                  _scalbnf
                  0x00101a                  _sqrtf
                  0x00264a                  _stopTimer
                  0x001152                  _strlen
                  0x00266e                  _timerFinished
                  0x001bb0                  _tolower
                  0x001bbe                  _toupper
                  0x0026e4                  _updateTimerDisplay

Memory Configuration

Name             Origin             Length             Attributes
data             0x000800           0x000600           a !xr
reset            0x000000           0x000004  
ivt              0x000004           0x0000fc  
_reserved        0x000100           0x000004  
aivt             0x000104           0x0000fc  
program          0x000200           0x002a00           xr
eedata           0x7ffe00           0x000200  
FBS              0xf80000           0x000002  
FGS              0xf80004           0x000002  
FOSCSEL          0xf80006           0x000002  
FOSC             0xf80008           0x000002  
FWDT             0xf8000a           0x000002  
FPOR             0xf8000c           0x000002  
FICD             0xf8000e           0x000002  
FDS              0xf80010           0x000002  
*default*        0x000000           0xffffffff  

Linker script and memory map

LOAD build/default/production/UART2.o
LOAD build/default/production/clkChange.o
LOAD build/default/production/main.o
LOAD build/default/production/IOs.o
LOAD build/default/production/TimeDelay.o
LOAD build/default/production/display.o
LOAD build/default/production/TimerOperation.o
                    0x0001                  __MPLAB_BUILD = 0x1
LOAD pPIC24Fxxx
LOAD c:/program files/microchip/xc16/v2.10/bin/bin/../../lib\libfx-elf.a
                    0xf80000                  __FBS = 0xf80000
                    0xf80004                  __FGS = 0xf80004
                    0xf80006                  __FOSCSEL = 0xf80006
                    0xf80008                  __FOSC = 0xf80008
                    0xf8000a                  __FWDT = 0xf8000a
                    0xf8000c                  __FPOR = 0xf8000c
                    0xf8000e                  __FICD = 0xf8000e
                    0xf80010                  __FDS = 0xf80010
                    0x0001                  __NO_HANDLES = 0x1
                    0x0200                  __CODE_BASE = 0x200
                    0x2a00                  __CODE_LENGTH = 0x2a00
                    0x0004                  __IVT_BASE = 0x4
                    0x0104                  __AIVT_BASE = 0x104
                    0x0800                  __DATA_BASE = 0x800
                    0x0600                  __DATA_LENGTH = 0x600
                    0x7ffe00                  __EEDATA_BASE = 0x7ffe00
                    0x0200                  __EEDATA_LENGTH = 0x200

.reset            0x000000          0x4
                  0x000000          0x2 SHORT 0x200 ABSOLUTE (__reset)
                  0x000001          0x2 SHORT 0x4
                  0x000002          0x2 SHORT 0x0 ((ABSOLUTE (__reset) >> 0x10) & 0x7f)
                  0x000003          0x2 SHORT 0x0

.text             0x000200       0x206e
 *(.init)
 .init            0x000200         0x4c c:/program files/microchip/xc16/v2.10/bin/bin/../../lib\libc99-pic30-elf.a(crt0_standard.o)
                  0x000200                  __resetPRI
                  0x000200                  __reset
                  0x00023c                  __psv_init
 .init            0x00024c         0x7c c:/program files/microchip/xc16/v2.10/bin/bin/../../lib\libc99-pic30-elf.a(data_init_standard.o)
                  0x000252                  __data_init_standard
                  0x000252                  __data_init
 *(.user_init)
 *(.handle)
 *(.isr*)
 .isr.text        0x0002c8         0x10 build/default/production/UART2.o
                  0x0002c8                  __U2RXInterrupt
                  0x0002d0                  __U2TXInterrupt
 .isr.text        0x0002d8         0xec build/default/production/IOs.o
                  0x0002d8                  __CNInterrupt
 .isr.text        0x0003c4          0xa build/default/production/TimeDelay.o
                  0x0003c4                  __T2Interrupt
 .isr             0x0003ce          0x4 default_isr
                  0x0003ce                  __DefaultInterrupt
 *(.libc)
 *(.libm)
 *(.libdsp)
 *(.lib*)
 .libpic30_crt_start_mode
                  0x0003d2          0x2 c:/program files/microchip/xc16/v2.10/bin/bin/../../lib\libc99-pic30-elf.a(crt_start_mode_normal.Meo)
                  0x0003d2                  __crt_start_mode
                  0x0003d2                  __crt_start_mode_normal
 .libm.fixunssfsi
                  0x0003d4         0x36 c:/program files/microchip/xc16/v2.10/bin/bin/../../lib\libc99-pic30-elf.a(fixunssfsi.XX_o)
                  0x0003d4                  ___fixunssfsi
 .libm.floatsisf
                  0x00040a          0x6 c:/program files/microchip/xc16/v2.10/bin/bin/../../lib\libc99-pic30-elf.a(floatsisf.XX_o)
                  0x00040a                  ___floatsisf
 .libm.floatunsisf
                  0x000410          0x4 c:/program files/microchip/xc16/v2.10/bin/bin/../../lib\libc99-pic30-elf.a(floatunsisf.XX_o)
                  0x000410                  ___floatunsisf
 .libm.funpack    0x000414         0x2a c:/program files/microchip/xc16/v2.10/bin/bin/../../lib\libc99-pic30-elf.a(funpack.XX_o)
                  0x000414                  __funpack
 .libmx           0x00043e        0x1be c:/program files/microchip/xc16/v2.10/bin/bin/../../lib\libc99-pic30-elf.a(divsf3x.XX_o)
                  0x00043e                  ___divsf3x
                  0x00043e                  ___divsf3
                  0x0005d0                  __sdivf
 .libmx           0x0005fc         0x34 c:/program files/microchip/xc16/v2.10/bin/bin/../../lib\libc99-pic30-elf.a(typefx.XX_o)
                  0x0005fc                  __typef
 .libmx           0x000630         0xa6 c:/program files/microchip/xc16/v2.10/bin/bin/../../lib\libc99-pic30-elf.a(spackfx.XX_o)
                  0x000630                  __spackf
 .libmx           0x0006d6         0x66 c:/program files/microchip/xc16/v2.10/bin/bin/../../lib\libc99-pic30-elf.a(unpackfx.XX_o)
                  0x0006d6                  __unpackf
 .libm.floatdisf
                  0x00073c         0x20 c:/program files/microchip/xc16/v2.10/bin/bin/../../lib\libc99-pic30-elf.a(floatdisf.XX_o)
                  0x00073c                  ___floatdisf
 .libm.floatundisf
                  0x00075c         0x5e c:/program files/microchip/xc16/v2.10/bin/bin/../../lib\libc99-pic30-elf.a(floatundisf.XX_o)
                  0x00075c                  ___floatundisf
 .libm.fpack      0x0007ba         0x4c c:/program files/microchip/xc16/v2.10/bin/bin/../../lib\libc99-pic30-elf.a(fpack.XX_o)
                  0x0007ba                  __fpack
 .libc.powf       0x000806        0x7c0 c:/program files/microchip/xc16/v2.10/bin/bin/../../lib\libm-elf.a(powf.XX_o)
                  0x000806                  _powf
 .libc.scalbnf    0x000fc6         0x54 c:/program files/microchip/xc16/v2.10/bin/bin/../../lib\libm-elf.a(scalbnf.XX_o)
                  0x000fc6                  _scalbnf
 .libc.sqrtf      0x00101a        0x114 c:/program files/microchip/xc16/v2.10/bin/bin/../../lib\libm-elf.a(sqrtf.XX_o)
                  0x00101a                  _sqrtf
 .libc.fabsf      0x00112e          0xa c:/program files/microchip/xc16/v2.10/bin/bin/../../lib\libm-elf.a(fabsf.XX_o)
                  0x00112e                  _fabsf
 .libc.__wrap_snprintf
                  0x001138          0xc c:/program files/microchip/xc16/v2.10/bin/bin/../../lib\libc99-elf.a(__sio_snprintf_dosux.XX_o)
                  0x001138                  __dsnprintf_cdnopsuxX
                  0x001138                  __snprintf_cdnopsuxX
 .libc.__sio_snprintf_dosux
                  0x001144          0xe c:/program files/microchip/xc16/v2.10/bin/bin/../../lib\libc99-elf.a(__sio_snprintf_dosux.XX_o)
                  0x001144                  ___sio_snprintf_dosux
 .libc.strlen     0x001152         0x30 c:/program files/microchip/xc16/v2.10/bin/bin/../../lib\libc99-elf.a(strlen.XX_o)
                  0x001152                  _strlen
 .libc.__fmt_d    0x001182         0xb2 c:/program files/microchip/xc16/v2.10/bin/bin/../../lib\libc99-elf.a(__fmt_d.XX_o)
                  0x001182                  ___fmt_d
                  0x001182                  ___fmt_d_needed
 .libc.__fmt_o    0x001234         0x6a c:/program files/microchip/xc16/v2.10/bin/bin/../../lib\libc99-elf.a(__fmt_o.XX_o)
                  0x001234                  ___fmt_o
                  0x001234                  ___fmt_o_needed
 .libc.__fmt_s    0x00129e         0x54 c:/program files/microchip/xc16/v2.10/bin/bin/../../lib\libc99-elf.a(__fmt_s.XX_o)
                  0x00129e                  ___fmt_0_needed
                  0x00129e                  ___fmt_s_needed
                  0x00129e                  ___fmt_s
 .libc.__cvt_u    0x0012f2         0xa6 c:/program files/microchip/xc16/v2.10/bin/bin/../../lib\libc99-elf.a(__fmt_u.XX_o)
                  0x0012f2                  ___cvt_u
 .libc.__fmt_u    0x001398         0x52 c:/program files/microchip/xc16/v2.10/bin/bin/../../lib\libc99-elf.a(__fmt_u.XX_o)
                  0x001398                  ___fmt_u
                  0x001398                  ___fmt_u_needed
 .libc.__fmt_x    0x0013ea        0x14a c:/program files/microchip/xc16/v2.10/bin/bin/../../lib\libc99-elf.a(__fmt_x.XX_o)
                  0x0013ea                  ___fmt_x_needed
                  0x0013ea                  ___fmt_x
 .libc.__vsnprintf
                  0x001534         0x4a c:/program files/microchip/xc16/v2.10/bin/bin/../../lib\libc99-elf.a(__int_vsnprintf.XX_o)
                  0x001534                  ___vsnprintf
 .libc.__pop_int
                  0x00157e         0xa8 c:/program files/microchip/xc16/v2.10/bin/bin/../../lib\libc99-elf.a(__pop_int.XX_o)
                  0x00157e                  ___pop_int
                  0x00157e                  ___pop_int_needed
 .libc.__pop_ptr
                  0x001626         0x70 c:/program files/microchip/xc16/v2.10/bin/bin/../../lib\libc99-elf.a(__pop_ptr.XX_o)
                  0x001626                  ___pop_ptr_needed
                  0x001626                  ___pop_ptr
 .libc.__string_out
                  0x001696         0x26 c:/program files/microchip/xc16/v2.10/bin/bin/../../lib\libc99-elf.a(__printf_core.XX_o)
                  0x001696                  ___out
 .libc.__pad      0x0016bc         0x74 c:/program files/microchip/xc16/v2.10/bin/bin/../../lib\libc99-elf.a(__printf_core.XX_o)
                  0x0016bc                  ___pad
 .libc.__dummy_fmt3
                  0x001730          0x2 c:/program files/microchip/xc16/v2.10/bin/bin/../../lib\libc99-elf.a(__printf_core.XX_o)
 .libc.__dummy_fmt4
                  0x001732          0x2 c:/program files/microchip/xc16/v2.10/bin/bin/../../lib\libc99-elf.a(__printf_core.XX_o)
                  0x001732                  ___fmt_fp
                  0x001732                  ___fmt_a
 .libc.__dummy_fmts
                  0x001734          0x2 c:/program files/microchip/xc16/v2.10/bin/bin/../../lib\libc99-elf.a(__printf_core.XX_o)
 .libc.__fmt_state
                  0x001736         0x2c c:/program files/microchip/xc16/v2.10/bin/bin/../../lib\libc99-elf.a(__printf_core.XX_o)
                  0x001736                  ___fmt_state
 .libc.vfpfcnvrt.clone.0
                  0x001762        0x2d8 c:/program files/microchip/xc16/v2.10/bin/bin/../../lib\libc99-elf.a(__printf_core.XX_o)
 .libc.__printf_core
                  0x001a3a         0x40 c:/program files/microchip/xc16/v2.10/bin/bin/../../lib\libc99-elf.a(__printf_core.XX_o)
                  0x001a3a                  ___printf_core
 .libc.__isspace
                  0x001a7a         0x14 c:/program files/microchip/xc16/v2.10/bin/bin/../../lib\libc99-elf.a(atoi.XX_o)
 .libc.atoi       0x001a8e         0x4c c:/program files/microchip/xc16/v2.10/bin/bin/../../lib\libc99-elf.a(atoi.XX_o)
                  0x001a8e                  _atoi
 .libc.memcpy     0x001ada          0xe c:/program files/microchip/xc16/v2.10/bin/bin/../../lib\libc99-elf.a(memcpy.XX_o)
                  0x001ada                  _memcpy
 .libc.memset     0x001ae8         0xc8 c:/program files/microchip/xc16/v2.10/bin/bin/../../lib\libc99-elf.a(memset.XX_o)
                  0x001ae8                  _memset
 .libc.tolower    0x001bb0          0xc c:/program files/microchip/xc16/v2.10/bin/bin/../../lib\libc99-elf.a(tolower.XX_o)
                  0x001bb0                  _tolower
 .libc.__tolower_l
                  0x001bbc          0x2 c:/program files/microchip/xc16/v2.10/bin/bin/../../lib\libc99-elf.a(tolower.XX_o)
                  0x001bbc                  ___tolower_l
                  0x001bbc                  _tolower_l
 .libc.toupper    0x001bbe          0xc c:/program files/microchip/xc16/v2.10/bin/bin/../../lib\libc99-elf.a(toupper.XX_o)
                  0x001bbe                  _toupper
 .libc.__toupper_l
                  0x001bca          0x2 c:/program files/microchip/xc16/v2.10/bin/bin/../../lib\libc99-elf.a(toupper.XX_o)
                  0x001bca                  ___toupper_l
                  0x001bca                  _toupper_l
 .libc.__vfprintf
                  0x001bcc         0x1c c:/program files/microchip/xc16/v2.10/bin/bin/../../lib\libc99-elf.a(__int_vfprintf.XX_o)
                  0x001bcc                  ___vfprintf
 .libc.__pop_float
                  0x001be8         0x3e c:/program files/microchip/xc16/v2.10/bin/bin/../../lib\libc99-elf.a(__pop_float.XX_o)
                  0x001be8                  ___pop_float
                  0x001be8                  ___pop_float_needed
 .libm.extendsfdf2
                  0x001c26         0x3e c:/program files/microchip/xc16/v2.10/bin/bin/../../lib\libc99-pic30-elf.a(extendsfdf.XX_o)
                  0x001c26                  ___extendsfdf2
 .libm.eqsf2      0x001c64          0x4 c:/program files/microchip/xc16/v2.10/bin/bin/../../lib\libc99-pic30-elf.a(feqltle.XX_o)
                  0x001c64                  ___eqsf2
                  0x001c64                  ___ltsf2
                  0x001c64                  ___lesf2
 .libm.gtsf2      0x001c68          0x4 c:/program files/microchip/xc16/v2.10/bin/bin/../../lib\libc99-pic30-elf.a(fgtge.XX_o)
                  0x001c68                  ___gesf2
                  0x001c68                  ___gtsf2
 .libm.mulsi3     0x001c6c          0xc c:/program files/microchip/xc16/v2.10/bin/bin/../../lib\libc99-pic30-elf.a(mulsi3.XX_o)
                  0x001c6c                  ___mulp32peds3
                  0x001c6c                  ___mulsi3
                  0x001c6c                  ___mulp32eds3
 .libmx           0x001c78        0x1dc c:/program files/microchip/xc16/v2.10/bin/bin/../../lib\libc99-pic30-elf.a(addsf3x.XX_o)
                  0x001c78                  ___subsf3x
                  0x001c78                  ___subsf3
                  0x001c8a                  ___addsf3x
                  0x001c8a                  ___addsf3
 .libmx           0x001e54        0x10c c:/program files/microchip/xc16/v2.10/bin/bin/../../lib\libc99-pic30-elf.a(mulsf3x.XX_o)
                  0x001e54                  ___mulsf3x
                  0x001e54                  ___mulsf3
 .libmx           0x001f60         0x54 c:/program files/microchip/xc16/v2.10/bin/bin/../../lib\libc99-pic30-elf.a(dnrmpackfx.XX_o)
                  0x001f60                  __dnrmpackf
 .libmx           0x001fb4         0x5e c:/program files/microchip/xc16/v2.10/bin/bin/../../lib\libc99-pic30-elf.a(unpackdnrmfx.XX_o)
                  0x001fb4                  __unpackdnrmf
 .libmx           0x002012         0x12 c:/program files/microchip/xc16/v2.10/bin/bin/../../lib\libc99-pic30-elf.a(propnanfx.XX_o)
                  0x002012                  __propnanf
 .libm.__PplusBdi
                  0x002024         0x26 c:/program files/microchip/xc16/v2.10/bin/bin/../../lib\libc99-pic30-elf.a(divmoddi3.XX_o)
 .libm.__PminusBdi
                  0x00204a         0x26 c:/program files/microchip/xc16/v2.10/bin/bin/../../lib\libc99-pic30-elf.a(divmoddi3.XX_o)
 .libm.__udivmoddi3
                  0x002070         0xe6 c:/program files/microchip/xc16/v2.10/bin/bin/../../lib\libc99-pic30-elf.a(divmoddi3.XX_o)
                  0x002070                  ___udivmoddi3
 .libm.__udivdi3
                  0x002156          0xe c:/program files/microchip/xc16/v2.10/bin/bin/../../lib\libc99-pic30-elf.a(divmoddi3.XX_o)
                  0x002156                  ___udivdi3
 .libm.__umoddi3
                  0x002164          0x8 c:/program files/microchip/xc16/v2.10/bin/bin/../../lib\libc99-pic30-elf.a(divmoddi3.XX_o)
                  0x002164                  ___umoddi3
 .libm.__divdi3
                  0x00216c         0x60 c:/program files/microchip/xc16/v2.10/bin/bin/../../lib\libc99-pic30-elf.a(divmoddi3.XX_o)
                  0x00216c                  ___divdi3
 .libm.__moddi3
                  0x0021cc         0x5c c:/program files/microchip/xc16/v2.10/bin/bin/../../lib\libc99-pic30-elf.a(divmoddi3.XX_o)
                  0x0021cc                  ___moddi3
 .libm.fcompare
                  0x002228         0x36 c:/program files/microchip/xc16/v2.10/bin/bin/../../lib\libc99-pic30-elf.a(fcompare.XX_o)
                  0x002228                  __fcompare
 .libm.funpack2
                  0x00225e         0x10 c:/program files/microchip/xc16/v2.10/bin/bin/../../lib\libc99-pic30-elf.a(funpack2.XX_o)
                  0x00225e                  __funpack2

usercode
 *(usercode)

__FBS             0xf80000          0x2
 *(__FBS.sec*)
 __FBS.sec        0xf80000          0x2 /CW/_FBSàÂ}
                  0xf80000                  __FBS.sec

__FGS             0xf80004          0x2
 *(__FGS.sec*)
 __FGS.sec        0xf80004          0x2 /CW/_FGSÐ²}
                  0xf80004                  __FGS.sec

__FOSCSEL
 *(__FOSCSEL.sec*)

__FOSC
 *(__FOSC.sec*)

__FWDT
 *(__FWDT.sec*)

__FPOR
 *(__FPOR.sec*)

__FICD
 *(__FICD.sec*)

__FDS
 *(__FDS.sec*)

.comment
 *(.comment)

.debug_info       0x000000       0x41f2
 *(.debug_info)
 .debug_info      0x000000        0xe97 build/default/production/UART2.o
 .debug_info      0x000e97        0x57b build/default/production/clkChange.o
 .debug_info      0x001412        0x41e build/default/production/main.o
 .debug_info      0x001830        0xf95 build/default/production/IOs.o
 .debug_info      0x0027c5        0x630 build/default/production/TimeDelay.o
 .debug_info      0x002df5        0x2d7 build/default/production/display.o
 .debug_info      0x0030cc        0x45f build/default/production/TimerOperation.o
 .debug_info      0x00352b         0x90 c:/program files/microchip/xc16/v2.10/bin/bin/../../lib\libc99-pic30-elf.a(fixunssfsi.XX_o)
 .debug_info      0x0035bb         0x8f c:/program files/microchip/xc16/v2.10/bin/bin/../../lib\libc99-pic30-elf.a(floatsisf.XX_o)
 .debug_info      0x00364a         0x91 c:/program files/microchip/xc16/v2.10/bin/bin/../../lib\libc99-pic30-elf.a(floatunsisf.XX_o)
 .debug_info      0x0036db         0x8d c:/program files/microchip/xc16/v2.10/bin/bin/../../lib\libc99-pic30-elf.a(funpack.XX_o)
 .debug_info      0x003768         0x9d c:/program files/microchip/xc16/v2.10/bin/bin/../../lib\libc99-pic30-elf.a(divsf3x.XX_o)
 .debug_info      0x003805         0x9c c:/program files/microchip/xc16/v2.10/bin/bin/../../lib\libc99-pic30-elf.a(typefx.XX_o)
 .debug_info      0x0038a1         0x9d c:/program files/microchip/xc16/v2.10/bin/bin/../../lib\libc99-pic30-elf.a(spackfx.XX_o)
 .debug_info      0x00393e         0x9e c:/program files/microchip/xc16/v2.10/bin/bin/../../lib\libc99-pic30-elf.a(unpackfx.XX_o)
 .debug_info      0x0039dc         0x8f c:/program files/microchip/xc16/v2.10/bin/bin/../../lib\libc99-pic30-elf.a(floatdisf.XX_o)
 .debug_info      0x003a6b         0x91 c:/program files/microchip/xc16/v2.10/bin/bin/../../lib\libc99-pic30-elf.a(floatundisf.XX_o)
 .debug_info      0x003afc         0x8b c:/program files/microchip/xc16/v2.10/bin/bin/../../lib\libc99-pic30-elf.a(fpack.XX_o)
 .debug_info      0x003b87         0x90 c:/program files/microchip/xc16/v2.10/bin/bin/../../lib\libc99-pic30-elf.a(extendsfdf.XX_o)
 .debug_info      0x003c17         0x8d c:/program files/microchip/xc16/v2.10/bin/bin/../../lib\libc99-pic30-elf.a(feqltle.XX_o)
 .debug_info      0x003ca4         0x8b c:/program files/microchip/xc16/v2.10/bin/bin/../../lib\libc99-pic30-elf.a(fgtge.XX_o)
 .debug_info      0x003d2f         0x8c c:/program files/microchip/xc16/v2.10/bin/bin/../../lib\libc99-pic30-elf.a(mulsi3.XX_o)
 .debug_info      0x003dbb         0x9d c:/program files/microchip/xc16/v2.10/bin/bin/../../lib\libc99-pic30-elf.a(addsf3x.XX_o)
 .debug_info      0x003e58         0x9d c:/program files/microchip/xc16/v2.10/bin/bin/../../lib\libc99-pic30-elf.a(mulsf3x.XX_o)
 .debug_info      0x003ef5         0xa0 c:/program files/microchip/xc16/v2.10/bin/bin/../../lib\libc99-pic30-elf.a(dnrmpackfx.XX_o)
 .debug_info      0x003f95         0xa2 c:/program files/microchip/xc16/v2.10/bin/bin/../../lib\libc99-pic30-elf.a(unpackdnrmfx.XX_o)
 .debug_info      0x004037         0x9f c:/program files/microchip/xc16/v2.10/bin/bin/../../lib\libc99-pic30-elf.a(propnanfx.XX_o)
 .debug_info      0x0040d6         0x8e c:/program files/microchip/xc16/v2.10/bin/bin/../../lib\libc99-pic30-elf.a(fcompare.XX_o)
 .debug_info      0x004164         0x8e c:/program files/microchip/xc16/v2.10/bin/bin/../../lib\libc99-pic30-elf.a(funpack2.XX_o)
 *(.gnu.linkonce.wi.*)

.debug_abbrev     0x000000        0x85d
 *(.debug_abbrev)
 .debug_abbrev    0x000000        0x114 build/default/production/UART2.o
 .debug_abbrev    0x000114        0x123 build/default/production/clkChange.o
 .debug_abbrev    0x000237         0xcb build/default/production/main.o
 .debug_abbrev    0x000302        0x147 build/default/production/IOs.o
 .debug_abbrev    0x000449         0xeb build/default/production/TimeDelay.o
 .debug_abbrev    0x000534         0x9a build/default/production/display.o
 .debug_abbrev    0x0005ce         0xd7 build/default/production/TimerOperation.o
 .debug_abbrev    0x0006a5         0x14 c:/program files/microchip/xc16/v2.10/bin/bin/../../lib\libc99-pic30-elf.a(fixunssfsi.XX_o)
 .debug_abbrev    0x0006b9         0x14 c:/program files/microchip/xc16/v2.10/bin/bin/../../lib\libc99-pic30-elf.a(floatsisf.XX_o)
 .debug_abbrev    0x0006cd         0x14 c:/program files/microchip/xc16/v2.10/bin/bin/../../lib\libc99-pic30-elf.a(floatunsisf.XX_o)
 .debug_abbrev    0x0006e1         0x14 c:/program files/microchip/xc16/v2.10/bin/bin/../../lib\libc99-pic30-elf.a(funpack.XX_o)
 .debug_abbrev    0x0006f5         0x14 c:/program files/microchip/xc16/v2.10/bin/bin/../../lib\libc99-pic30-elf.a(divsf3x.XX_o)
 .debug_abbrev    0x000709         0x14 c:/program files/microchip/xc16/v2.10/bin/bin/../../lib\libc99-pic30-elf.a(typefx.XX_o)
 .debug_abbrev    0x00071d         0x14 c:/program files/microchip/xc16/v2.10/bin/bin/../../lib\libc99-pic30-elf.a(spackfx.XX_o)
 .debug_abbrev    0x000731         0x14 c:/program files/microchip/xc16/v2.10/bin/bin/../../lib\libc99-pic30-elf.a(unpackfx.XX_o)
 .debug_abbrev    0x000745         0x14 c:/program files/microchip/xc16/v2.10/bin/bin/../../lib\libc99-pic30-elf.a(floatdisf.XX_o)
 .debug_abbrev    0x000759         0x14 c:/program files/microchip/xc16/v2.10/bin/bin/../../lib\libc99-pic30-elf.a(floatundisf.XX_o)
 .debug_abbrev    0x00076d         0x14 c:/program files/microchip/xc16/v2.10/bin/bin/../../lib\libc99-pic30-elf.a(fpack.XX_o)
 .debug_abbrev    0x000781         0x14 c:/program files/microchip/xc16/v2.10/bin/bin/../../lib\libc99-pic30-elf.a(extendsfdf.XX_o)
 .debug_abbrev    0x000795         0x14 c:/program files/microchip/xc16/v2.10/bin/bin/../../lib\libc99-pic30-elf.a(feqltle.XX_o)
 .debug_abbrev    0x0007a9         0x14 c:/program files/microchip/xc16/v2.10/bin/bin/../../lib\libc99-pic30-elf.a(fgtge.XX_o)
 .debug_abbrev    0x0007bd         0x14 c:/program files/microchip/xc16/v2.10/bin/bin/../../lib\libc99-pic30-elf.a(mulsi3.XX_o)
 .debug_abbrev    0x0007d1         0x14 c:/program files/microchip/xc16/v2.10/bin/bin/../../lib\libc99-pic30-elf.a(addsf3x.XX_o)
 .debug_abbrev    0x0007e5         0x14 c:/program files/microchip/xc16/v2.10/bin/bin/../../lib\libc99-pic30-elf.a(mulsf3x.XX_o)
 .debug_abbrev    0x0007f9         0x14 c:/program files/microchip/xc16/v2.10/bin/bin/../../lib\libc99-pic30-elf.a(dnrmpackfx.XX_o)
 .debug_abbrev    0x00080d         0x14 c:/program files/microchip/xc16/v2.10/bin/bin/../../lib\libc99-pic30-elf.a(unpackdnrmfx.XX_o)
 .debug_abbrev    0x000821         0x14 c:/program files/microchip/xc16/v2.10/bin/bin/../../lib\libc99-pic30-elf.a(propnanfx.XX_o)
 .debug_abbrev    0x000835         0x14 c:/program files/microchip/xc16/v2.10/bin/bin/../../lib\libc99-pic30-elf.a(fcompare.XX_o)
 .debug_abbrev    0x000849         0x14 c:/program files/microchip/xc16/v2.10/bin/bin/../../lib\libc99-pic30-elf.a(funpack2.XX_o)

.debug_line       0x000000       0x117f
 *(.debug_line)
 .debug_line      0x000000        0x17e build/default/production/UART2.o
 .debug_line      0x00017e        0x117 build/default/production/clkChange.o
 .debug_line      0x000295        0x114 build/default/production/main.o
 .debug_line      0x0003a9        0x179 build/default/production/IOs.o
 .debug_line      0x000522        0x125 build/default/production/TimeDelay.o
 .debug_line      0x000647         0x4f build/default/production/display.o
 .debug_line      0x000696        0x14e build/default/production/TimerOperation.o
 .debug_line      0x0007e4         0x53 c:/program files/microchip/xc16/v2.10/bin/bin/../../lib\libc99-pic30-elf.a(fixunssfsi.XX_o)
 .debug_line      0x000837         0x3a c:/program files/microchip/xc16/v2.10/bin/bin/../../lib\libc99-pic30-elf.a(floatsisf.XX_o)
 .debug_line      0x000871         0x3b c:/program files/microchip/xc16/v2.10/bin/bin/../../lib\libc99-pic30-elf.a(floatunsisf.XX_o)
 .debug_line      0x0008ac         0x4a c:/program files/microchip/xc16/v2.10/bin/bin/../../lib\libc99-pic30-elf.a(funpack.XX_o)
 .debug_line      0x0008f6        0x124 c:/program files/microchip/xc16/v2.10/bin/bin/../../lib\libc99-pic30-elf.a(divsf3x.XX_o)
 .debug_line      0x000a1a         0x5e c:/program files/microchip/xc16/v2.10/bin/bin/../../lib\libc99-pic30-elf.a(typefx.XX_o)
 .debug_line      0x000a78         0x98 c:/program files/microchip/xc16/v2.10/bin/bin/../../lib\libc99-pic30-elf.a(spackfx.XX_o)
 .debug_line      0x000b10         0x79 c:/program files/microchip/xc16/v2.10/bin/bin/../../lib\libc99-pic30-elf.a(unpackfx.XX_o)
 .debug_line      0x000b89         0x1a c:/program files/microchip/xc16/v2.10/bin/bin/../../lib\libc99-pic30-elf.a(errno.XX_o)
 .debug_line      0x000ba3         0x47 c:/program files/microchip/xc16/v2.10/bin/bin/../../lib\libc99-pic30-elf.a(floatdisf.XX_o)
 .debug_line      0x000bea         0x6c c:/program files/microchip/xc16/v2.10/bin/bin/../../lib\libc99-pic30-elf.a(floatundisf.XX_o)
 .debug_line      0x000c56         0x5a c:/program files/microchip/xc16/v2.10/bin/bin/../../lib\libc99-pic30-elf.a(fpack.XX_o)
 .debug_line      0x000cb0         0x59 c:/program files/microchip/xc16/v2.10/bin/bin/../../lib\libc99-pic30-elf.a(extendsfdf.XX_o)
 .debug_line      0x000d09         0x37 c:/program files/microchip/xc16/v2.10/bin/bin/../../lib\libc99-pic30-elf.a(feqltle.XX_o)
 .debug_line      0x000d40         0x35 c:/program files/microchip/xc16/v2.10/bin/bin/../../lib\libc99-pic30-elf.a(fgtge.XX_o)
 .debug_line      0x000d75         0x3a c:/program files/microchip/xc16/v2.10/bin/bin/../../lib\libc99-pic30-elf.a(mulsi3.XX_o)
 .debug_line      0x000daf        0x136 c:/program files/microchip/xc16/v2.10/bin/bin/../../lib\libc99-pic30-elf.a(addsf3x.XX_o)
 .debug_line      0x000ee5         0xcc c:/program files/microchip/xc16/v2.10/bin/bin/../../lib\libc99-pic30-elf.a(mulsf3x.XX_o)
 .debug_line      0x000fb1         0x72 c:/program files/microchip/xc16/v2.10/bin/bin/../../lib\libc99-pic30-elf.a(dnrmpackfx.XX_o)
 .debug_line      0x001023         0x7a c:/program files/microchip/xc16/v2.10/bin/bin/../../lib\libc99-pic30-elf.a(unpackdnrmfx.XX_o)
 .debug_line      0x00109d         0x51 c:/program files/microchip/xc16/v2.10/bin/bin/../../lib\libc99-pic30-elf.a(propnanfx.XX_o)
 .debug_line      0x0010ee         0x53 c:/program files/microchip/xc16/v2.10/bin/bin/../../lib\libc99-pic30-elf.a(fcompare.XX_o)
 .debug_line      0x001141         0x3e c:/program files/microchip/xc16/v2.10/bin/bin/../../lib\libc99-pic30-elf.a(funpack2.XX_o)

.debug_frame      0x000000        0x3f4
 *(.debug_frame)
 .debug_frame     0x000000         0xec build/default/production/UART2.o
 .debug_frame     0x0000ec         0x2e build/default/production/clkChange.o
 .debug_frame     0x00011a         0x62 build/default/production/main.o
 .debug_frame     0x00017c         0x8e build/default/production/IOs.o
 .debug_frame     0x00020a         0x48 build/default/production/TimeDelay.o
 .debug_frame     0x000252         0xd8 build/default/production/display.o
 .debug_frame     0x00032a         0xca build/default/production/TimerOperation.o

.debug_str        0x000000        0x138
 *(.debug_str)
 .debug_str       0x000000         0x4e build/default/production/UART2.o
 .debug_str       0x00004e         0x16 build/default/production/clkChange.o
 .debug_str       0x000064         0x16 build/default/production/main.o
 .debug_str       0x00007a         0x80 build/default/production/IOs.o
 .debug_str       0x0000fa         0x25 build/default/production/TimeDelay.o
 .debug_str       0x00011f         0x10 build/default/production/display.o
 .debug_str       0x00012f          0x9 build/default/production/TimerOperation.o

.debug_loc
 *(.debug_loc)

.debug_macinfo
 *(.debug_macinfo)

.debug_pubnames
                  0x000000        0x2a0
 *(.debug_pubnames)
 .debug_pubnames
                  0x000000         0x98 build/default/production/UART2.o
 .debug_pubnames
                  0x000098         0x1d build/default/production/clkChange.o
 .debug_pubnames
                  0x0000b5         0x49 build/default/production/main.o
 .debug_pubnames
                  0x0000fe         0x40 build/default/production/IOs.o
 .debug_pubnames
                  0x00013e         0x30 build/default/production/TimeDelay.o
 .debug_pubnames
                  0x00016e         0xa2 build/default/production/display.o
 .debug_pubnames
                  0x000210         0x90 build/default/production/TimerOperation.o

.debug_ranges
 *(.debug_ranges)

.debug_aranges    0x000000        0x368
 *(.debug_aranges)
 .debug_aranges
                  0x000000         0x18 build/default/production/UART2.o
 .debug_aranges
                  0x000018         0x18 build/default/production/clkChange.o
 .debug_aranges
                  0x000030         0x18 build/default/production/main.o
 .debug_aranges
                  0x000048         0x18 build/default/production/IOs.o
 .debug_aranges
                  0x000060         0x18 build/default/production/TimeDelay.o
 .debug_aranges
                  0x000078         0x18 build/default/production/display.o
 .debug_aranges
                  0x000090         0x18 build/default/production/TimerOperation.o
 .debug_aranges
                  0x0000a8         0x20 c:/program files/microchip/xc16/v2.10/bin/bin/../../lib\libc99-pic30-elf.a(fixunssfsi.XX_o)
 .debug_aranges
                  0x0000c8         0x20 c:/program files/microchip/xc16/v2.10/bin/bin/../../lib\libc99-pic30-elf.a(floatsisf.XX_o)
 .debug_aranges
                  0x0000e8         0x20 c:/program files/microchip/xc16/v2.10/bin/bin/../../lib\libc99-pic30-elf.a(floatunsisf.XX_o)
 .debug_aranges
                  0x000108         0x20 c:/program files/microchip/xc16/v2.10/bin/bin/../../lib\libc99-pic30-elf.a(funpack.XX_o)
 .debug_aranges
                  0x000128         0x20 c:/program files/microchip/xc16/v2.10/bin/bin/../../lib\libc99-pic30-elf.a(divsf3x.XX_o)
 .debug_aranges
                  0x000148         0x20 c:/program files/microchip/xc16/v2.10/bin/bin/../../lib\libc99-pic30-elf.a(typefx.XX_o)
 .debug_aranges
                  0x000168         0x20 c:/program files/microchip/xc16/v2.10/bin/bin/../../lib\libc99-pic30-elf.a(spackfx.XX_o)
 .debug_aranges
                  0x000188         0x20 c:/program files/microchip/xc16/v2.10/bin/bin/../../lib\libc99-pic30-elf.a(unpackfx.XX_o)
 .debug_aranges
                  0x0001a8         0x20 c:/program files/microchip/xc16/v2.10/bin/bin/../../lib\libc99-pic30-elf.a(floatdisf.XX_o)
 .debug_aranges
                  0x0001c8         0x20 c:/program files/microchip/xc16/v2.10/bin/bin/../../lib\libc99-pic30-elf.a(floatundisf.XX_o)
 .debug_aranges
                  0x0001e8         0x20 c:/program files/microchip/xc16/v2.10/bin/bin/../../lib\libc99-pic30-elf.a(fpack.XX_o)
 .debug_aranges
                  0x000208         0x20 c:/program files/microchip/xc16/v2.10/bin/bin/../../lib\libc99-pic30-elf.a(extendsfdf.XX_o)
 .debug_aranges
                  0x000228         0x20 c:/program files/microchip/xc16/v2.10/bin/bin/../../lib\libc99-pic30-elf.a(feqltle.XX_o)
 .debug_aranges
                  0x000248         0x20 c:/program files/microchip/xc16/v2.10/bin/bin/../../lib\libc99-pic30-elf.a(fgtge.XX_o)
 .debug_aranges
                  0x000268         0x20 c:/program files/microchip/xc16/v2.10/bin/bin/../../lib\libc99-pic30-elf.a(mulsi3.XX_o)
 .debug_aranges
                  0x000288         0x20 c:/program files/microchip/xc16/v2.10/bin/bin/../../lib\libc99-pic30-elf.a(addsf3x.XX_o)
 .debug_aranges
                  0x0002a8         0x20 c:/program files/microchip/xc16/v2.10/bin/bin/../../lib\libc99-pic30-elf.a(mulsf3x.XX_o)
 .debug_aranges
                  0x0002c8         0x20 c:/program files/microchip/xc16/v2.10/bin/bin/../../lib\libc99-pic30-elf.a(dnrmpackfx.XX_o)
 .debug_aranges
                  0x0002e8         0x20 c:/program files/microchip/xc16/v2.10/bin/bin/../../lib\libc99-pic30-elf.a(unpackdnrmfx.XX_o)
 .debug_aranges
                  0x000308         0x20 c:/program files/microchip/xc16/v2.10/bin/bin/../../lib\libc99-pic30-elf.a(propnanfx.XX_o)
 .debug_aranges
                  0x000328         0x20 c:/program files/microchip/xc16/v2.10/bin/bin/../../lib\libc99-pic30-elf.a(fcompare.XX_o)
 .debug_aranges
                  0x000348         0x20 c:/program files/microchip/xc16/v2.10/bin/bin/../../lib\libc99-pic30-elf.a(funpack2.XX_o)
                    0x0000                  WREG0 = 0x0
                    0x0000                  _WREG0 = 0x0
                    0x0002                  WREG1 = 0x2
                    0x0002                  _WREG1 = 0x2
                    0x0004                  WREG2 = 0x4
                    0x0004                  _WREG2 = 0x4
                    0x0006                  WREG3 = 0x6
                    0x0006                  _WREG3 = 0x6
                    0x0008                  WREG4 = 0x8
                    0x0008                  _WREG4 = 0x8
                    0x000a                  WREG5 = 0xa
                    0x000a                  _WREG5 = 0xa
                    0x000c                  WREG6 = 0xc
                    0x000c                  _WREG6 = 0xc
                    0x000e                  WREG7 = 0xe
                    0x000e                  _WREG7 = 0xe
                    0x0010                  WREG8 = 0x10
                    0x0010                  _WREG8 = 0x10
                    0x0012                  WREG9 = 0x12
                    0x0012                  _WREG9 = 0x12
                    0x0014                  WREG10 = 0x14
                    0x0014                  _WREG10 = 0x14
                    0x0016                  WREG11 = 0x16
                    0x0016                  _WREG11 = 0x16
                    0x0018                  WREG12 = 0x18
                    0x0018                  _WREG12 = 0x18
                    0x001a                  WREG13 = 0x1a
                    0x001a                  _WREG13 = 0x1a
                    0x001c                  WREG14 = 0x1c
                    0x001c                  _WREG14 = 0x1c
                    0x001e                  WREG15 = 0x1e
                    0x001e                  _WREG15 = 0x1e
                    0x0020                  SPLIM = 0x20
                    0x0020                  _SPLIM = 0x20
                    0x002e                  PCL = 0x2e
                    0x002e                  _PCL = 0x2e
                    0x0030                  PCH = 0x30
                    0x0030                  _PCH = 0x30
                    0x0032                  TBLPAG = 0x32
                    0x0032                  _TBLPAG = 0x32
                    0x0034                  PSVPAG = 0x34
                    0x0034                  _PSVPAG = 0x34
                    0x0036                  RCOUNT = 0x36
                    0x0036                  _RCOUNT = 0x36
                    0x0042                  SR = 0x42
                    0x0042                  _SR = 0x42
                    0x0042                  _SRbits = 0x42
                    0x0044                  CORCON = 0x44
                    0x0044                  _CORCON = 0x44
                    0x0044                  _CORCONbits = 0x44
                    0x0052                  DISICNT = 0x52
                    0x0052                  _DISICNT = 0x52
                    0x0060                  CNEN1 = 0x60
                    0x0060                  _CNEN1 = 0x60
                    0x0060                  _CNEN1bits = 0x60
                    0x0062                  CNEN2 = 0x62
                    0x0062                  _CNEN2 = 0x62
                    0x0062                  _CNEN2bits = 0x62
                    0x0068                  CNPU1 = 0x68
                    0x0068                  _CNPU1 = 0x68
                    0x0068                  _CNPU1bits = 0x68
                    0x006a                  CNPU2 = 0x6a
                    0x006a                  _CNPU2 = 0x6a
                    0x006a                  _CNPU2bits = 0x6a
                    0x0070                  CNPD1 = 0x70
                    0x0070                  _CNPD1 = 0x70
                    0x0070                  _CNPD1bits = 0x70
                    0x0072                  CNPD2 = 0x72
                    0x0072                  _CNPD2 = 0x72
                    0x0072                  _CNPD2bits = 0x72
                    0x0080                  INTCON1 = 0x80
                    0x0080                  _INTCON1 = 0x80
                    0x0080                  _INTCON1bits = 0x80
                    0x0082                  INTCON2 = 0x82
                    0x0082                  _INTCON2 = 0x82
                    0x0082                  _INTCON2bits = 0x82
                    0x0084                  IFS0 = 0x84
                    0x0084                  _IFS0 = 0x84
                    0x0084                  _IFS0bits = 0x84
                    0x0086                  IFS1 = 0x86
                    0x0086                  _IFS1 = 0x86
                    0x0086                  _IFS1bits = 0x86
                    0x008a                  IFS3 = 0x8a
                    0x008a                  _IFS3 = 0x8a
                    0x008a                  _IFS3bits = 0x8a
                    0x008c                  IFS4 = 0x8c
                    0x008c                  _IFS4 = 0x8c
                    0x008c                  _IFS4bits = 0x8c
                    0x0094                  IEC0 = 0x94
                    0x0094                  _IEC0 = 0x94
                    0x0094                  _IEC0bits = 0x94
                    0x0096                  IEC1 = 0x96
                    0x0096                  _IEC1 = 0x96
                    0x0096                  _IEC1bits = 0x96
                    0x009a                  IEC3 = 0x9a
                    0x009a                  _IEC3 = 0x9a
                    0x009a                  _IEC3bits = 0x9a
                    0x009c                  IEC4 = 0x9c
                    0x009c                  _IEC4 = 0x9c
                    0x009c                  _IEC4bits = 0x9c
                    0x00a4                  IPC0 = 0xa4
                    0x00a4                  _IPC0 = 0xa4
                    0x00a4                  _IPC0bits = 0xa4
                    0x00a6                  IPC1 = 0xa6
                    0x00a6                  _IPC1 = 0xa6
                    0x00a6                  _IPC1bits = 0xa6
                    0x00a8                  IPC2 = 0xa8
                    0x00a8                  _IPC2 = 0xa8
                    0x00a8                  _IPC2bits = 0xa8
                    0x00aa                  IPC3 = 0xaa
                    0x00aa                  _IPC3 = 0xaa
                    0x00aa                  _IPC3bits = 0xaa
                    0x00ac                  IPC4 = 0xac
                    0x00ac                  _IPC4 = 0xac
                    0x00ac                  _IPC4bits = 0xac
                    0x00ae                  IPC5 = 0xae
                    0x00ae                  _IPC5 = 0xae
                    0x00ae                  _IPC5bits = 0xae
                    0x00b2                  IPC7 = 0xb2
                    0x00b2                  _IPC7 = 0xb2
                    0x00b2                  _IPC7bits = 0xb2
                    0x00c2                  IPC15 = 0xc2
                    0x00c2                  _IPC15 = 0xc2
                    0x00c2                  _IPC15bits = 0xc2
                    0x00c4                  IPC16 = 0xc4
                    0x00c4                  _IPC16 = 0xc4
                    0x00c4                  _IPC16bits = 0xc4
                    0x00c8                  IPC18 = 0xc8
                    0x00c8                  _IPC18 = 0xc8
                    0x00c8                  _IPC18bits = 0xc8
                    0x00ca                  IPC19 = 0xca
                    0x00ca                  _IPC19 = 0xca
                    0x00ca                  _IPC19bits = 0xca
                    0x00e0                  INTTREG = 0xe0
                    0x00e0                  _INTTREG = 0xe0
                    0x00e0                  _INTTREGbits = 0xe0
                    0x0100                  TMR1 = 0x100
                    0x0100                  _TMR1 = 0x100
                    0x0102                  PR1 = 0x102
                    0x0102                  _PR1 = 0x102
                    0x0104                  T1CON = 0x104
                    0x0104                  _T1CON = 0x104
                    0x0104                  _T1CONbits = 0x104
                    0x0106                  TMR2 = 0x106
                    0x0106                  _TMR2 = 0x106
                    0x0108                  TMR3HLD = 0x108
                    0x0108                  _TMR3HLD = 0x108
                    0x010a                  TMR3 = 0x10a
                    0x010a                  _TMR3 = 0x10a
                    0x010c                  PR2 = 0x10c
                    0x010c                  _PR2 = 0x10c
                    0x010e                  PR3 = 0x10e
                    0x010e                  _PR3 = 0x10e
                    0x0110                  T2CON = 0x110
                    0x0110                  _T2CON = 0x110
                    0x0110                  _T2CONbits = 0x110
                    0x0112                  T3CON = 0x112
                    0x0112                  _T3CON = 0x112
                    0x0112                  _T3CONbits = 0x112
                    0x0140                  IC1BUF = 0x140
                    0x0140                  _IC1BUF = 0x140
                    0x0142                  IC1CON = 0x142
                    0x0142                  _IC1CON = 0x142
                    0x0142                  _IC1CONbits = 0x142
                    0x0180                  OC1RS = 0x180
                    0x0180                  _OC1RS = 0x180
                    0x0182                  OC1R = 0x182
                    0x0182                  _OC1R = 0x182
                    0x0184                  OC1CON = 0x184
                    0x0184                  _OC1CON = 0x184
                    0x0184                  _OC1CONbits = 0x184
                    0x0200                  I2C1RCV = 0x200
                    0x0200                  _I2C1RCV = 0x200
                    0x0202                  I2C1TRN = 0x202
                    0x0202                  _I2C1TRN = 0x202
                    0x0204                  I2C1BRG = 0x204
                    0x0204                  _I2C1BRG = 0x204
                    0x0206                  I2C1CON = 0x206
                    0x0206                  _I2C1CON = 0x206
                    0x0206                  _I2C1CONbits = 0x206
                    0x0208                  I2C1STAT = 0x208
                    0x0208                  _I2C1STAT = 0x208
                    0x0208                  _I2C1STATbits = 0x208
                    0x020a                  I2C1ADD = 0x20a
                    0x020a                  _I2C1ADD = 0x20a
                    0x020c                  I2C1MSK = 0x20c
                    0x020c                  _I2C1MSK = 0x20c
                    0x020c                  _I2C1MSKbits = 0x20c
                    0x0220                  U1MODE = 0x220
                    0x0220                  _U1MODE = 0x220
                    0x0220                  _U1MODEbits = 0x220
                    0x0222                  U1STA = 0x222
                    0x0222                  _U1STA = 0x222
                    0x0222                  _U1STAbits = 0x222
                    0x0224                  U1TXREG = 0x224
                    0x0224                  _U1TXREG = 0x224
                    0x0226                  U1RXREG = 0x226
                    0x0226                  _U1RXREG = 0x226
                    0x0228                  U1BRG = 0x228
                    0x0228                  _U1BRG = 0x228
                    0x0230                  U2MODE = 0x230
                    0x0230                  _U2MODE = 0x230
                    0x0230                  _U2MODEbits = 0x230
                    0x0232                  U2STA = 0x232
                    0x0232                  _U2STA = 0x232
                    0x0232                  _U2STAbits = 0x232
                    0x0234                  U2TXREG = 0x234
                    0x0234                  _U2TXREG = 0x234
                    0x0236                  U2RXREG = 0x236
                    0x0236                  _U2RXREG = 0x236
                    0x0238                  U2BRG = 0x238
                    0x0238                  _U2BRG = 0x238
                    0x0240                  SPI1STAT = 0x240
                    0x0240                  _SPI1STAT = 0x240
                    0x0240                  _SPI1STATbits = 0x240
                    0x0242                  SPI1CON1 = 0x242
                    0x0242                  _SPI1CON1 = 0x242
                    0x0242                  _SPI1CON1bits = 0x242
                    0x0244                  SPI1CON2 = 0x244
                    0x0244                  _SPI1CON2 = 0x244
                    0x0244                  _SPI1CON2bits = 0x244
                    0x0248                  SPI1BUF = 0x248
                    0x0248                  _SPI1BUF = 0x248
                    0x02c0                  TRISA = 0x2c0
                    0x02c0                  _TRISA = 0x2c0
                    0x02c0                  _TRISAbits = 0x2c0
                    0x02c2                  PORTA = 0x2c2
                    0x02c2                  _PORTA = 0x2c2
                    0x02c2                  _PORTAbits = 0x2c2
                    0x02c4                  LATA = 0x2c4
                    0x02c4                  _LATA = 0x2c4
                    0x02c4                  _LATAbits = 0x2c4
                    0x02c6                  ODCA = 0x2c6
                    0x02c6                  _ODCA = 0x2c6
                    0x02c6                  _ODCAbits = 0x2c6
                    0x02c8                  TRISB = 0x2c8
                    0x02c8                  _TRISB = 0x2c8
                    0x02c8                  _TRISBbits = 0x2c8
                    0x02ca                  PORTB = 0x2ca
                    0x02ca                  _PORTB = 0x2ca
                    0x02ca                  _PORTBbits = 0x2ca
                    0x02cc                  LATB = 0x2cc
                    0x02cc                  _LATB = 0x2cc
                    0x02cc                  _LATBbits = 0x2cc
                    0x02ce                  ODCB = 0x2ce
                    0x02ce                  _ODCB = 0x2ce
                    0x02ce                  _ODCBbits = 0x2ce
                    0x02fc                  PADCFG1 = 0x2fc
                    0x02fc                  _PADCFG1 = 0x2fc
                    0x02fc                  _PADCFG1bits = 0x2fc
                    0x0300                  ADC1BUF0 = 0x300
                    0x0300                  _ADC1BUF0 = 0x300
                    0x0302                  ADC1BUF1 = 0x302
                    0x0302                  _ADC1BUF1 = 0x302
                    0x0304                  ADC1BUF2 = 0x304
                    0x0304                  _ADC1BUF2 = 0x304
                    0x0306                  ADC1BUF3 = 0x306
                    0x0306                  _ADC1BUF3 = 0x306
                    0x0308                  ADC1BUF4 = 0x308
                    0x0308                  _ADC1BUF4 = 0x308
                    0x030a                  ADC1BUF5 = 0x30a
                    0x030a                  _ADC1BUF5 = 0x30a
                    0x030c                  ADC1BUF6 = 0x30c
                    0x030c                  _ADC1BUF6 = 0x30c
                    0x030e                  ADC1BUF7 = 0x30e
                    0x030e                  _ADC1BUF7 = 0x30e
                    0x0310                  ADC1BUF8 = 0x310
                    0x0310                  _ADC1BUF8 = 0x310
                    0x0312                  ADC1BUF9 = 0x312
                    0x0312                  _ADC1BUF9 = 0x312
                    0x0314                  ADC1BUFA = 0x314
                    0x0314                  _ADC1BUFA = 0x314
                    0x0316                  ADC1BUFB = 0x316
                    0x0316                  _ADC1BUFB = 0x316
                    0x0318                  ADC1BUFC = 0x318
                    0x0318                  _ADC1BUFC = 0x318
                    0x031a                  ADC1BUFD = 0x31a
                    0x031a                  _ADC1BUFD = 0x31a
                    0x031c                  ADC1BUFE = 0x31c
                    0x031c                  _ADC1BUFE = 0x31c
                    0x031e                  ADC1BUFF = 0x31e
                    0x031e                  _ADC1BUFF = 0x31e
                    0x0320                  AD1CON1 = 0x320
                    0x0320                  _AD1CON1 = 0x320
                    0x0320                  _AD1CON1bits = 0x320
                    0x0322                  AD1CON2 = 0x322
                    0x0322                  _AD1CON2 = 0x322
                    0x0322                  _AD1CON2bits = 0x322
                    0x0324                  AD1CON3 = 0x324
                    0x0324                  _AD1CON3 = 0x324
                    0x0324                  _AD1CON3bits = 0x324
                    0x0328                  AD1CHS = 0x328
                    0x0328                  _AD1CHS = 0x328
                    0x0328                  _AD1CHSbits = 0x328
                    0x032c                  AD1PCFG = 0x32c
                    0x032c                  _AD1PCFG = 0x32c
                    0x032c                  _AD1PCFGbits = 0x32c
                    0x0330                  AD1CSSL = 0x330
                    0x0330                  _AD1CSSL = 0x330
                    0x0330                  _AD1CSSLbits = 0x330
                    0x033c                  CTMUCON = 0x33c
                    0x033c                  _CTMUCON = 0x33c
                    0x033c                  _CTMUCONbits = 0x33c
                    0x033e                  CTMUICON = 0x33e
                    0x033e                  _CTMUICON = 0x33e
                    0x033e                  _CTMUICONbits = 0x33e
                    0x0620                  ALRMVAL = 0x620
                    0x0620                  _ALRMVAL = 0x620
                    0x0622                  ALCFGRPT = 0x622
                    0x0622                  _ALCFGRPT = 0x622
                    0x0622                  _ALCFGRPTbits = 0x622
                    0x0624                  RTCVAL = 0x624
                    0x0624                  _RTCVAL = 0x624
                    0x0626                  RCFGCAL = 0x626
                    0x0626                  _RCFGCAL = 0x626
                    0x0626                  _RCFGCALbits = 0x626
                    0x0630                  CMSTAT = 0x630
                    0x0630                  _CMSTAT = 0x630
                    0x0630                  _CMSTATbits = 0x630
                    0x0632                  CVRCON = 0x632
                    0x0632                  _CVRCON = 0x632
                    0x0632                  _CVRCONbits = 0x632
                    0x0634                  CM1CON = 0x634
                    0x0634                  _CM1CON = 0x634
                    0x0634                  _CM1CONbits = 0x634
                    0x0636                  CM2CON = 0x636
                    0x0636                  _CM2CON = 0x636
                    0x0636                  _CM2CONbits = 0x636
                    0x0640                  CRCCON = 0x640
                    0x0640                  _CRCCON = 0x640
                    0x0640                  _CRCCONbits = 0x640
                    0x0642                  CRCXOR = 0x642
                    0x0642                  _CRCXOR = 0x642
                    0x0644                  CRCDAT = 0x644
                    0x0644                  _CRCDAT = 0x644
                    0x0646                  CRCWDAT = 0x646
                    0x0646                  _CRCWDAT = 0x646
                    0x0740                  RCON = 0x740
                    0x0740                  _RCON = 0x740
                    0x0740                  _RCONbits = 0x740
                    0x0742                  OSCCON = 0x742
                    0x0742                  _OSCCON = 0x742
                    0x0742                  _OSCCONbits = 0x742
                    0x0742                  OSCCONL = 0x742
                    0x0742                  _OSCCONL = 0x742
                    0x0743                  OSCCONH = 0x743
                    0x0743                  _OSCCONH = 0x743
                    0x0744                  CLKDIV = 0x744
                    0x0744                  _CLKDIV = 0x744
                    0x0744                  _CLKDIVbits = 0x744
                    0x0748                  OSCTUN = 0x748
                    0x0748                  _OSCTUN = 0x748
                    0x0748                  _OSCTUNbits = 0x748
                    0x074e                  REFOCON = 0x74e
                    0x074e                  _REFOCON = 0x74e
                    0x074e                  _REFOCONbits = 0x74e
                    0x0756                  HLVDCON = 0x756
                    0x0756                  _HLVDCON = 0x756
                    0x0756                  _HLVDCONbits = 0x756
                    0x0758                  DSCON = 0x758
                    0x0758                  _DSCON = 0x758
                    0x0758                  _DSCONbits = 0x758
                    0x075a                  DSWAKE = 0x75a
                    0x075a                  _DSWAKE = 0x75a
                    0x075a                  _DSWAKEbits = 0x75a
                    0x075a                  DSWSRC = 0x75a
                    0x075a                  _DSWSRC = 0x75a
                    0x075a                  _DSWSRCbits = 0x75a
                    0x075c                  DSGPR0 = 0x75c
                    0x075c                  _DSGPR0 = 0x75c
                    0x075e                  DSGPR1 = 0x75e
                    0x075e                  _DSGPR1 = 0x75e
                    0x0760                  NVMCON = 0x760
                    0x0760                  _NVMCON = 0x760
                    0x0760                  _NVMCONbits = 0x760
                    0x0766                  NVMKEY = 0x766
                    0x0766                  _NVMKEY = 0x766
                    0x0766                  _NVMKEYbits = 0x766
                    0x0770                  PMD1 = 0x770
                    0x0770                  _PMD1 = 0x770
                    0x0770                  _PMD1bits = 0x770
                    0x0772                  PMD2 = 0x772
                    0x0772                  _PMD2 = 0x772
                    0x0772                  _PMD2bits = 0x772
                    0x0774                  PMD3 = 0x774
                    0x0774                  _PMD3 = 0x774
                    0x0774                  _PMD3bits = 0x774
                    0x0776                  PMD4 = 0x776
                    0x0776                  _PMD4 = 0x776
                    0x0776                  _PMD4bits = 0x776
                    0x0140                  IC1 = 0x140
                    0x0140                  _IC1 = 0x140
                    0x0180                  OC1 = 0x180
                    0x0180                  _OC1 = 0x180
                    0x0240                  SPI1 = 0x240
                    0x0240                  _SPI1 = 0x240
                    0x0220                  UART1 = 0x220
                    0x0220                  _UART1 = 0x220
                    0x0230                  UART2 = 0x230
                    0x0230                  _UART2 = 0x230
START GROUP
LOAD c:/program files/microchip/xc16/v2.10/bin/bin/../../lib\libc99-pic30-elf.a
LOAD c:/program files/microchip/xc16/v2.10/bin/bin/../../lib\libm-elf.a
LOAD c:/program files/microchip/xc16/v2.10/bin/bin/../../lib\libc99-elf.a
END GROUP
OUTPUT(dist/default/production/New_Folder.production.elf elf32-pic30)
LOAD /CW/_FGSÐ²}
LOAD /CW/_FBSàÂ}
LOAD default_isr
LOAD data_init

.debug_pubtypes
                  0x000368        0x494
 .debug_pubtypes
                  0x000368        0x11f build/default/production/UART2.o
 .debug_pubtypes
                  0x000487         0x86 build/default/production/clkChange.o
 .debug_pubtypes
                  0x00050d         0x61 build/default/production/main.o
 .debug_pubtypes
                  0x00056e        0x19c build/default/production/IOs.o
 .debug_pubtypes
                  0x00070a         0x95 build/default/production/TimeDelay.o
 .debug_pubtypes
                  0x00079f         0x12 build/default/production/display.o
 .debug_pubtypes
                  0x0007b1         0x4b build/default/production/TimerOperation.o

__c30_signature
                  0x0007fc        0x11a
 __c30_signature
                  0x0007fc          0x6 build/default/production/UART2.o
 __c30_signature
                  0x000802          0x6 build/default/production/clkChange.o
 __c30_signature
                  0x000808          0x6 build/default/production/main.o
 __c30_signature
                  0x00080e          0x6 build/default/production/IOs.o
 __c30_signature
                  0x000814          0x6 build/default/production/TimeDelay.o
 __c30_signature
                  0x00081a          0x6 build/default/production/display.o
 __c30_signature
                  0x000820          0x6 build/default/production/TimerOperation.o
 __c30_signature
                  0x000826          0x6 c:/program files/microchip/xc16/v2.10/bin/bin/../../lib\libc99-pic30-elf.a(crt0_standard.o)
 __c30_signature
                  0x00082c          0x6 c:/program files/microchip/xc16/v2.10/bin/bin/../../lib\libc99-pic30-elf.a(data_init_standard.o)
 __c30_signature
                  0x000832          0x6 c:/program files/microchip/xc16/v2.10/bin/bin/../../lib\libc99-pic30-elf.a(fixunssfsi.XX_o)
 __c30_signature
                  0x000838          0x6 c:/program files/microchip/xc16/v2.10/bin/bin/../../lib\libc99-pic30-elf.a(floatsisf.XX_o)
 __c30_signature
                  0x00083e          0x6 c:/program files/microchip/xc16/v2.10/bin/bin/../../lib\libc99-pic30-elf.a(floatunsisf.XX_o)
 __c30_signature
                  0x000844          0x6 c:/program files/microchip/xc16/v2.10/bin/bin/../../lib\libc99-pic30-elf.a(funpack.XX_o)
 __c30_signature
                  0x00084a          0x6 c:/program files/microchip/xc16/v2.10/bin/bin/../../lib\libc99-pic30-elf.a(errno.XX_o)
 __c30_signature
                  0x000850          0x6 c:/program files/microchip/xc16/v2.10/bin/bin/../../lib\libc99-pic30-elf.a(floatdisf.XX_o)
 __c30_signature
                  0x000856          0x6 c:/program files/microchip/xc16/v2.10/bin/bin/../../lib\libc99-pic30-elf.a(floatundisf.XX_o)
 __c30_signature
                  0x00085c          0x6 c:/program files/microchip/xc16/v2.10/bin/bin/../../lib\libc99-pic30-elf.a(fpack.XX_o)
 __c30_signature
                  0x000862          0x6 c:/program files/microchip/xc16/v2.10/bin/bin/../../lib\libm-elf.a(powf.XX_o)
 __c30_signature
                  0x000868          0x6 c:/program files/microchip/xc16/v2.10/bin/bin/../../lib\libm-elf.a(scalbnf.XX_o)
 __c30_signature
                  0x00086e          0x6 c:/program files/microchip/xc16/v2.10/bin/bin/../../lib\libm-elf.a(sqrtf.XX_o)
 __c30_signature
                  0x000874          0x6 c:/program files/microchip/xc16/v2.10/bin/bin/../../lib\libm-elf.a(fabsf.XX_o)
 __c30_signature
                  0x00087a          0x6 c:/program files/microchip/xc16/v2.10/bin/bin/../../lib\libc99-elf.a(__errno_location.XX_o)
 __c30_signature
                  0x000880          0x6 c:/program files/microchip/xc16/v2.10/bin/bin/../../lib\libc99-elf.a(__sio_snprintf_dosux.XX_o)
 __c30_signature
                  0x000886          0x6 c:/program files/microchip/xc16/v2.10/bin/bin/../../lib\libc99-elf.a(strlen.XX_o)
 __c30_signature
                  0x00088c          0x6 c:/program files/microchip/xc16/v2.10/bin/bin/../../lib\libc99-elf.a(__fmt_d.XX_o)
 __c30_signature
                  0x000892          0x6 c:/program files/microchip/xc16/v2.10/bin/bin/../../lib\libc99-elf.a(__fmt_o.XX_o)
 __c30_signature
                  0x000898          0x6 c:/program files/microchip/xc16/v2.10/bin/bin/../../lib\libc99-elf.a(__fmt_s.XX_o)
 __c30_signature
                  0x00089e          0x6 c:/program files/microchip/xc16/v2.10/bin/bin/../../lib\libc99-elf.a(__fmt_u.XX_o)
 __c30_signature
                  0x0008a4          0x6 c:/program files/microchip/xc16/v2.10/bin/bin/../../lib\libc99-elf.a(__fmt_x.XX_o)
 __c30_signature
                  0x0008aa          0x6 c:/program files/microchip/xc16/v2.10/bin/bin/../../lib\libc99-elf.a(__int_vsnprintf.XX_o)
 __c30_signature
                  0x0008b0          0x6 c:/program files/microchip/xc16/v2.10/bin/bin/../../lib\libc99-elf.a(__pop_int.XX_o)
 __c30_signature
                  0x0008b6          0x6 c:/program files/microchip/xc16/v2.10/bin/bin/../../lib\libc99-elf.a(__pop_ptr.XX_o)
 __c30_signature
                  0x0008bc          0x6 c:/program files/microchip/xc16/v2.10/bin/bin/../../lib\libc99-elf.a(__printf_core.XX_o)
 __c30_signature
                  0x0008c2          0x6 c:/program files/microchip/xc16/v2.10/bin/bin/../../lib\libc99-elf.a(atoi.XX_o)
 __c30_signature
                  0x0008c8          0x6 c:/program files/microchip/xc16/v2.10/bin/bin/../../lib\libc99-elf.a(memcpy.XX_o)
 __c30_signature
                  0x0008ce          0x6 c:/program files/microchip/xc16/v2.10/bin/bin/../../lib\libc99-elf.a(memset.XX_o)
 __c30_signature
                  0x0008d4          0x6 c:/program files/microchip/xc16/v2.10/bin/bin/../../lib\libc99-elf.a(tolower.XX_o)
 __c30_signature
                  0x0008da          0x6 c:/program files/microchip/xc16/v2.10/bin/bin/../../lib\libc99-elf.a(toupper.XX_o)
 __c30_signature
                  0x0008e0          0x6 c:/program files/microchip/xc16/v2.10/bin/bin/../../lib\libc99-elf.a(__int_vfprintf.XX_o)
 __c30_signature
                  0x0008e6          0x6 c:/program files/microchip/xc16/v2.10/bin/bin/../../lib\libc99-elf.a(__pop_float.XX_o)
 __c30_signature
                  0x0008ec          0x6 c:/program files/microchip/xc16/v2.10/bin/bin/../../lib\libc99-pic30-elf.a(extendsfdf.XX_o)
 __c30_signature
                  0x0008f2          0x6 c:/program files/microchip/xc16/v2.10/bin/bin/../../lib\libc99-pic30-elf.a(feqltle.XX_o)
 __c30_signature
                  0x0008f8          0x6 c:/program files/microchip/xc16/v2.10/bin/bin/../../lib\libc99-pic30-elf.a(fgtge.XX_o)
 __c30_signature
                  0x0008fe          0x6 c:/program files/microchip/xc16/v2.10/bin/bin/../../lib\libc99-pic30-elf.a(mulsi3.XX_o)
 __c30_signature
                  0x000904          0x6 c:/program files/microchip/xc16/v2.10/bin/bin/../../lib\libc99-pic30-elf.a(divmoddi3.XX_o)
 __c30_signature
                  0x00090a          0x6 c:/program files/microchip/xc16/v2.10/bin/bin/../../lib\libc99-pic30-elf.a(fcompare.XX_o)
 __c30_signature
                  0x000910          0x6 c:/program files/microchip/xc16/v2.10/bin/bin/../../lib\libc99-pic30-elf.a(funpack2.XX_o)

.ndata              0x0800         0x14
 .ndata             0x0800         0x14 build/default/production/TimerOperation.o

.nbss               0x0814          0x4
 .nbss              0x0814          0x2 build/default/production/UART2.o
                    0x0814                  _clkval
 .nbss              0x0816          0x2 c:/program files/microchip/xc16/v2.10/bin/bin/../../lib\libc99-pic30-elf.a(errno.XX_o)
                    0x0816                  _errno

.data               0x0818         0x36
 .data              0x0818         0x1e c:/program files/microchip/xc16/v2.10/bin/bin/../../lib\libc99-elf.a(__printf_core.XX_o)
 .data              0x0836         0x18 c:/program files/microchip/xc16/v2.10/bin/bin/../../lib\libm-elf.a(powf.XX_o)

.bss                0x084e          0x2
 .bss               0x084e          0x2 c:/program files/microchip/xc16/v2.10/bin/bin/../../lib\libc99-elf.a(__errno_location.XX_o)
                    0x084e                  ___errno_val

.ivt._U2RXInterrupt
                  0x000050          0x2
 .ivt._U2RXInterrupt
                  0x000050          0x2 build/default/production/UART2.o

.ivt._U2TXInterrupt
                  0x000052          0x2
 .ivt._U2TXInterrupt
                  0x000052          0x2 build/default/production/UART2.o

.config_DSWDTEN
                  0xf80010          0x2
 .config_DSWDTEN
                  0xf80010          0x2 build/default/production/main.o

.config_BKBUG     0xf8000e          0x2
 .config_BKBUG    0xf8000e          0x2 build/default/production/main.o

.config_MCLRE     0xf8000c          0x2
 .config_MCLRE    0xf8000c          0x2 build/default/production/main.o

.config_FWDTEN    0xf8000a          0x2
 .config_FWDTEN
                  0xf8000a          0x2 build/default/production/main.o

.config_FCKSM     0xf80008          0x2
 .config_FCKSM    0xf80008          0x2 build/default/production/main.o

.config_IESO      0xf80006          0x2
 .config_IESO     0xf80006          0x2 build/default/production/main.o

.ivt._CNInterrupt
                  0x00003a          0x2
 .ivt._CNInterrupt
                  0x00003a          0x2 build/default/production/IOs.o

.ivt._T2Interrupt
                  0x000022          0x2
 .ivt._T2Interrupt
                  0x000022          0x2 build/default/production/TimeDelay.o

.const              0xa26e         0x46 load address 0x00226e  
 .const             0xa26e         0x46 build/default/production/display.o

.text             0x0022b4        0x4da
 .text            0x0022b4        0x1f6 build/default/production/UART2.o
                  0x0022b4                  _InitUART2
                  0x00231c                  _XmitUART2
                  0x002354                  _Disp2Hex
                  0x0023b2                  _Disp2Hex32
                  0x002428                  _Disp2Dec
                  0x002488                  _Disp2String
 .text            0x0024aa        0x13a build/default/production/IOs.o
                  0x0024aa                  _initializeIO
                  0x0024d0                  _checkIO
 .text            0x0025e4         0xc4 build/default/production/TimerOperation.o
                  0x0025e4                  _incrementMinutes
                  0x0025fe                  _incrementSeconds
                  0x00264a                  _stopTimer
                  0x00265a                  _resetTimer
                  0x00266e                  _timerFinished
                  0x00267e                  _handlePB3Press
                  0x0026a0                  _getTimerState
 .text            0x0026a8         0x78 build/default/production/display.o
                  0x0026a8                  _initializeDisplay
                  0x0026b0                  _clearDisplay
                  0x0026ba                  _displayTimerCount
                  0x0026e4                  _updateTimerDisplay
                  0x0026f6                  _displaySetTime
                  0x002708                  _displayResetMessage
                  0x002714                  _displayAlarm
 .text            0x002720         0x6e build/default/production/clkChange.o
                  0x002720                  _newClk

.dinit            0x00278e         0x58
 .dinit           0x00278e         0x58 data_init

.text             0x0027e6         0x64
 .text            0x0027e6         0x36 build/default/production/TimeDelay.o
                  0x0027e6                  _delay_ms
 .text            0x00281c         0x2e build/default/production/main.o
                  0x00281c                  _main
                  0x002824                  _initializeSystem
                  0x002834                  _configureClockOutput
